
> algerian-soft-power-awards@1.0.0 build
> prisma generate && next build

Prisma schema loaded from prisma\schema.prisma

Ô£ö Generated Prisma Client (v5.22.0) to .\node_modules\@prisma\client in 75ms

Start by importing your Prisma Client (See: https://pris.ly/d/importing-client)

Tip: Want to react to database changes in your app as they happen? Discover how with Pulse: https://pris.ly/tip-1-pulse

npm : ÔÜá Warning: Next.js inferred your workspace root, but it may not be correct.
At line:1 char:1
+ npm run build 2>&1 > build-output.txt; Get-Content build-output.txt | ...
+ ~~~~~~~~~~~~~~~~~~~~~~~~~~~~~~~~~~~~~
    + CategoryInfo          : NotSpecified: (ÔÜá Warning: Ne...not be correct.:String) [], RemoteException
    + FullyQualifiedErrorId : NativeCommandError
 
 We detected multiple lockfiles and selected the directory of C:\Users\adoul\package-lock.json as the root directory.
 To silence this warning, set `turbopack.root` in your Next.js config, or consider removing one of the lockfiles if it's not needed.
   See https://nextjs.org/docs/app/api-reference/config/next-config-js/turbopack#root-directory for more information.
 Detected additional lockfiles: 
   * C:\Users\adoul\algerian-soft-power-awards\package-lock.json

Ôû▓ Next.js 16.1.4 (Turbopack)
- Environments: .env.local, .env.production

  Creating an optimized production build ...
Ô£ô Compiled successfully in 1850.5ms
  Skipping validation of types
  Collecting page data using 15 workers ...
  Generating static pages using 15 workers (0/20) ...
  Generating static pages using 15 workers (5/20) 
  Generating static pages using 15 workers (10/20) 
  Generating static pages using 15 workers (15/20) 
Ô£ô Generating static pages using 15 workers (20/20) in 669.3ms
  Finalizing page optimization ...

Route (app)
Ôöî Ôùï /
Ôö£ Ôùï /_not-found
Ôö£ ãÆ /api/admin/export
Ôö£ ãÆ /api/auth/login
Ôö£ ãÆ /api/auth/register
Ôö£ ãÆ /api/auth/verify
Ôö£ ãÆ /api/categories
Ôö£ ãÆ /api/nominations
Ôö£ ãÆ /api/submissions
Ôö£ ãÆ /api/votes
Ôö£ Ôùï /auth/login
Ôö£ Ôùï /auth/register
Ôö£ Ôùï /dashboard/admin
Ôö£ Ôùï /dashboard/user
Ôö£ Ôùï /participants
Ôö£ Ôùï /presse
Ôö£ Ôùï /robots.txt
Ôöö Ôùï /sitemap.xml


Ôùï  (Static)   prerendered as static content
ãÆ  (Dynamic)  server-rendered on demand

